>>> info

Compiler Full Name: Component: ARM Compiler 5.06 update 6 (build 750)
Compiler Version: 5.06
Builder Mode: Incremental
The amount of C files: 2
The amount of C++ files: 0
The amount of Asm files: 0

>>> prebuild



>>> cc

"APP/uart_task/uart_task.h", line 20: Warning:  #47-D: incompatible redefinition of macro "RING_BUFFER_SIZE"  (declared at line 9 of "BSP/jdy28m/forward.h")
  #define RING_BUFFER_SIZE 128
          ^
".\APP\balance_task\pdoa_control.c", line 35: Warning:  #14-D: extra text after expected end of preprocessing directive
  #ifdef BEHIND_CAR || MIDDLE_CAR_FIRST|| MIDDLE_CAR
                    ^
".\APP\balance_task\pdoa_control.c", line 140: Warning:  #177-D: variable "Behind_back_time"  was declared but never referenced
  static uint32_t Behind_back_time = 0;
                  ^
.\APP\balance_task\pdoa_control.c: 3 warnings, 0 errors
".\APP\uart_task\uart_task.h", line 20: Warning:  #47-D: incompatible redefinition of macro "RING_BUFFER_SIZE"  (declared at line 9 of "BSP/jdy28m/forward.h")
  #define RING_BUFFER_SIZE 128
          ^
.\APP\uart_task\uart_task.c: 1 warning, 0 errors

>>> ld

Program Size: Code=80200 RO-data=15652 RW-data=1104 ZI-data=27944  


>>> postbuild

